E5 PROPERTY TRANSPORT
=====================
Reversed modified theory:
  Last = {n} union RawDescTop
  exact through Cayley n<=6: True
Reverse transports Av(2122) to Av(2212) while changing the structure theory:
  symbolic == semantic through Cayley n<=6: True

Lift laws:
  ambient restriction law, all words height=4 n<=5: True
  1^2 capacity-shift law, all words height=4 n<=5: True
  1^3 capacity-shift law, all words height=4 n<=5: True
  1^4 capacity-shift law, all words height=4 n<=5: True
  1^5 capacity-shift law, all words height=4 n<=5: True

Modified Av(2122) vs Av(2212):
  n=1: 1 / 1; same members; height==, ascents==, multiplicity_partition==, height+partition==, ascents+partition==, first_positions==, last_positions==
  n=2: 2 / 2; same members; height==, ascents==, multiplicity_partition==, height+partition==, ascents+partition==, first_positions==, last_positions==
  n=3: 5 / 5; same members; height==, ascents==, multiplicity_partition==, height+partition==, ascents+partition==, first_positions==, last_positions==
  n=4: 15 / 15; same members; height==, ascents==, multiplicity_partition==, height+partition==, ascents+partition==, first_positions==, last_positions==
  n=5: 53 / 53; same members; height==, ascents==, multiplicity_partition==, height+partition==, ascents+partition==, first_positions==, last_positions==
  n=6: 216 / 216; different members; height==, ascents==, multiplicity_partition==, height+partition==, ascents+partition==, first_positions=!=, last_positions=!=
  n=7: 998 / 998; different members; height==, ascents==, multiplicity_partition==, height+partition==, ascents+partition==, first_positions=!=, last_positions=!=
  n=8: 5155 / 5155; different members; height==, ascents==, multiplicity_partition==, height+partition==, ascents+partition==, first_positions=!=, last_positions=!=
  n=9: 29429 / 29429; different members; height==, ascents==, multiplicity_partition==, height+partition==, ascents+partition==, first_positions=!=, last_positions=!=
  first class difference n=6 witness=121322
  first height profile mismatch: None
  first ascents profile mismatch: None
  first multiplicity_partition profile mismatch: None
  first height+partition profile mismatch: None
  first ascents+partition profile mismatch: None
  first first_positions profile mismatch: 6
  first last_positions profile mismatch: 6
