E8 bounded transformation synthesis
===================================

reverse-seeded grammar search
candidate programs: 3192
exact through n=6: 0
best verified-through degrees: [2, 2, 2, 2, 2, 2, 2, 2, 2, 2]

reversal at n=6
source size: 216
2212-avoidance fraction: 1.000
full target fraction: 0.120
injectivity fraction: 1.000
mean modified defect |First Δ AscTop|: 1.676

fibre-gap capacity-shift candidate
verified through: 6
first failure: collision
failure n: 7
source witness: (1, 2, 4, 2, 1, 3, 2)
output witness: (1, 2, 4, 1, 3, 2, 2)
detail: also image of (1, 2, 2, 4, 1, 3, 2)

n=6 exceptional source: (1, 2, 2, 1, 3, 2)
capacity-shift image: (1, 2, 1, 3, 2, 2)

capacity-shift finite map at n=7
collisions: 2
  output (1, 2, 3, 1, 4, 2, 2) <- [(1, 2, 2, 3, 1, 4, 2), (1, 2, 3, 2, 1, 4, 2)]
  output (1, 2, 4, 1, 3, 2, 2) <- [(1, 2, 2, 4, 1, 3, 2), (1, 2, 4, 2, 1, 3, 2)]
missing targets: [(1, 2, 1, 3, 2, 4, 2), (1, 2, 1, 4, 2, 3, 2)]
